// Vitest Snapshot v1, https://vitest.dev/guide/snapshot.html

exports[`<TextField /> > Renders with error 1`] = `
<div
  class="sc-jTQCzO cLsoZn"
>
  <label
    class="sc-dmyCSP hJSSqI"
  >
    TextField
  </label>
  <div
    class="sc-beySPh HVnWo"
  >
    <div
      class="sc-hLQSwg fsNPvv"
    >
      <svg
        data-testid="icon"
        fill="none"
        height="90"
        width="90"
        xmlns="http://www.w3.org/2000/svg"
      >
        <path
          d="M45 87c23.196 0 42-18.804 42-42S68.196 3 45 3 3 21.804 3 45s18.804 42 42 42Z"
          stroke="#FC5050"
          stroke-linecap="round"
          stroke-linejoin="round"
          stroke-width="5"
        />
        <path
          d="M61.8 61.8s-6.3-8.4-16.8-8.4-16.8 8.4-16.8 8.4"
          stroke="#FC5050"
          stroke-linecap="round"
          stroke-linejoin="round"
          stroke-width="5"
        />
        <path
          d="M32.4 32.4h.042M57.6 32.4h.042"
          stroke="#FC5050"
          stroke-linecap="round"
          stroke-linejoin="round"
          stroke-width="8"
        />
      </svg>
    </div>
    <input
      class="sc-guDLey fUUzBW"
      type="text"
      value=""
    />
  </div>
  <p
    class="sc-eDLKkx eUJRTk"
  >
    Error message
  </p>
</div>
`;
