// Vitest Snapshot v1, https://vitest.dev/guide/snapshot.html

exports[`<RootLayout/> > should render RootLayout 1`] = `
<div
  class="sc-beySPh DCYkH"
>
  <div
    data-testid="header"
  />
  <div
    data-testid="outlet"
  />
</div>
`;
